This is pdfTeX, Version 3.141592653-2.6-1.40.28 (MiKTeX 25.12) (preloaded format=pdflatex 2026.4.24)  1 JUN 2026 21:00
entering extended mode
 restricted \write18 enabled.
 %&-line parsing enabled.
**"./TCC - Vinicius Andrade Trento.tex"
(TCC - Vinicius Andrade Trento.tex
LaTeX2e <2025-11-01>
L3 programming layer <2025-12-24>
(C:\Users\a542012\AppData\Local\Programs\MiKTeX\tex/latex/base\article.cls
Document Class: article 2025/01/22 v1.4n Standard LaTeX document class
(C:\Users\a542012\AppData\Local\Programs\MiKTeX\tex/latex/base\size10.clo
File: size10.clo 2025/01/22 v1.4n Standard LaTeX file (size option)
)
\c@part=\count275
\c@section=\count276
\c@subsection=\count277
\c@subsubsection=\count278
\c@paragraph=\count279
\c@subparagraph=\count280
\c@figure=\count281
\c@table=\count282
\abovecaptionskip=\skip49
\belowcaptionskip=\skip50
\bibindent=\dimen148
)
(C:\Users\a542012\AppData\Local\Programs\MiKTeX\tex/latex/base\inputenc.sty
Package: inputenc 2024/02/08 v1.3d Input encoding file
\inpenc@prehook=\toks17
\inpenc@posthook=\toks18
)
(C:\Users\a542012\AppData\Local\Programs\MiKTeX\tex/latex/base\fontenc.sty
Package: fontenc 2025/07/18 v2.1d Standard LaTeX package
)
(C:\Users\a542012\AppData\Local\Programs\MiKTeX\tex/generic/babel\babel.sty
Package: babel 2025/12/11 v25.17 The multilingual framework for LuaLaTeX, pdfLa
TeX and XeLaTeX
\babel@savecnt=\count283
LaTeX Encoding Info:    Redeclaring text command \ij (encoding OT1) on input li
ne 2068.
LaTeX Encoding Info:    Redeclaring text command \IJ (encoding OT1) on input li
ne 2070.
LaTeX Encoding Info:    Redeclaring text command \ij (encoding T1) on input lin
e 2072.
LaTeX Encoding Info:    Redeclaring text command \IJ (encoding T1) on input lin
e 2073.
LaTeX Encoding Info:    Ignoring declaration for text command \ij (encoding ?) 
on input line 2074.
LaTeX Encoding Info:    Ignoring declaration for text command \IJ (encoding ?) 
on input line 2076.
LaTeX Encoding Info:    Ignoring declaration for text command \SS (encoding ?) 
on input line 2101.
\U@D=\dimen149
\l@unhyphenated=\language79

(C:\Users\a542012\AppData\Local\Programs\MiKTeX\tex/generic/babel\txtbabel.def)
\bbl@readstream=\read2
\bbl@dirlevel=\count284
Package babel Info: Configuration files are deprecated, as
(babel)             they can break document portability.
(babel)             Reported on input line 4196.
*************************************
* Local config file bblopts.cfg used
*
(C:\Users\a542012\AppData\Local\Programs\MiKTeX\tex/latex/arabi\bblopts.cfg
File: bblopts.cfg 2005/09/08 v0.1 add Arabic and Farsi to "declared" options of
 babel
)
(C:\Users\a542012\AppData\Local\Programs\MiKTeX\tex/generic/babel/locale/pt\bab
el-brazilian.tex)
Package babel Info: Importing data for brazilian
(babel)             from babel-pt-BR.ini. Reported on input line 4320.
Package babel Info: Hyphen rules for 'brazilian' set to \l@portuguese
(babel)             (\language56). Reported on input line 4320.
)
(C:\Users\a542012\AppData\Local\Programs\MiKTeX\tex/latex/psnfss\mathptmx.sty
Package: mathptmx 2020/03/25 PSNFSS-v9.3 Times w/ Math, improved (SPQR, WaS) 
LaTeX Font Info:    Redeclaring symbol font `operators' on input line 28.
LaTeX Font Info:    Overwriting symbol font `operators' in version `normal'
(Font)                  OT1/cmr/m/n --> OT1/ztmcm/m/n on input line 28.
LaTeX Font Info:    Overwriting symbol font `operators' in version `bold'
(Font)                  OT1/cmr/bx/n --> OT1/ztmcm/m/n on input line 28.
LaTeX Font Info:    Redeclaring symbol font `letters' on input line 29.
LaTeX Font Info:    Overwriting symbol font `letters' in version `normal'
(Font)                  OML/cmm/m/it --> OML/ztmcm/m/it on input line 29.
LaTeX Font Info:    Overwriting symbol font `letters' in version `bold'
(Font)                  OML/cmm/b/it --> OML/ztmcm/m/it on input line 29.
LaTeX Font Info:    Redeclaring symbol font `symbols' on input line 30.
LaTeX Font Info:    Overwriting symbol font `symbols' in version `normal'
(Font)                  OMS/cmsy/m/n --> OMS/ztmcm/m/n on input line 30.
LaTeX Font Info:    Overwriting symbol font `symbols' in version `bold'
(Font)                  OMS/cmsy/b/n --> OMS/ztmcm/m/n on input line 30.
LaTeX Font Info:    Redeclaring symbol font `largesymbols' on input line 31.
LaTeX Font Info:    Overwriting symbol font `largesymbols' in version `normal'
(Font)                  OMX/cmex/m/n --> OMX/ztmcm/m/n on input line 31.
LaTeX Font Info:    Overwriting symbol font `largesymbols' in version `bold'
(Font)                  OMX/cmex/m/n --> OMX/ztmcm/m/n on input line 31.
\symbold=\mathgroup4
\symitalic=\mathgroup5
LaTeX Font Info:    Redeclaring math alphabet \mathbf on input line 34.
LaTeX Font Info:    Overwriting math alphabet `\mathbf' in version `normal'
(Font)                  OT1/cmr/bx/n --> OT1/ptm/bx/n on input line 34.
LaTeX Font Info:    Overwriting math alphabet `\mathbf' in version `bold'
(Font)                  OT1/cmr/bx/n --> OT1/ptm/bx/n on input line 34.
LaTeX Font Info:    Redeclaring math alphabet \mathit on input line 35.
LaTeX Font Info:    Overwriting math alphabet `\mathit' in version `normal'
(Font)                  OT1/cmr/m/it --> OT1/ptm/m/it on input line 35.
LaTeX Font Info:    Overwriting math alphabet `\mathit' in version `bold'
(Font)                  OT1/cmr/bx/it --> OT1/ptm/m/it on input line 35.
LaTeX Info: Redefining \hbar on input line 50.
)
(C:\Users\a542012\AppData\Local\Programs\MiKTeX\tex/latex/amsmath\amsmath.sty
Package: amsmath 2025/07/09 v2.17z AMS math features
\@mathmargin=\skip51

For additional information on amsmath, use the `?' option.
(C:\Users\a542012\AppData\Local\Programs\MiKTeX\tex/latex/amsmath\amstext.sty
Package: amstext 2024/11/17 v2.01 AMS text

(C:\Users\a542012\AppData\Local\Programs\MiKTeX\tex/latex/amsmath\amsgen.sty
File: amsgen.sty 1999/11/30 v2.0 generic functions
\@emptytoks=\toks19
\ex@=\dimen150
))
(C:\Users\a542012\AppData\Local\Programs\MiKTeX\tex/latex/amsmath\amsbsy.sty
Package: amsbsy 1999/11/29 v1.2d Bold Symbols
\pmbraise@=\dimen151
)
(C:\Users\a542012\AppData\Local\Programs\MiKTeX\tex/latex/amsmath\amsopn.sty
Package: amsopn 2022/04/08 v2.04 operator names
)
\inf@bad=\count285
LaTeX Info: Redefining \frac on input line 233.
\uproot@=\count286
\leftroot@=\count287
LaTeX Info: Redefining \overline on input line 398.
LaTeX Info: Redefining \colon on input line 409.
\classnum@=\count288
\DOTSCASE@=\count289
LaTeX Info: Redefining \ldots on input line 495.
LaTeX Info: Redefining \dots on input line 498.
LaTeX Info: Redefining \cdots on input line 619.
\Mathstrutbox@=\box53
\strutbox@=\box54
LaTeX Info: Redefining \big on input line 721.
LaTeX Info: Redefining \Big on input line 722.
LaTeX Info: Redefining \bigg on input line 723.
LaTeX Info: Redefining \Bigg on input line 724.
\big@size=\dimen152
LaTeX Font Info:    Redeclaring font encoding OML on input line 742.
LaTeX Font Info:    Redeclaring font encoding OMS on input line 743.
\macc@depth=\count290
LaTeX Info: Redefining \bmod on input line 904.
LaTeX Info: Redefining \pmod on input line 909.
LaTeX Info: Redefining \smash on input line 939.
LaTeX Info: Redefining \relbar on input line 969.
LaTeX Info: Redefining \Relbar on input line 970.
\c@MaxMatrixCols=\count291
\dotsspace@=\muskip17
\c@parentequation=\count292
\dspbrk@lvl=\count293
\tag@help=\toks20
\row@=\count294
\column@=\count295
\maxfields@=\count296
\andhelp@=\toks21
\eqnshift@=\dimen153
\alignsep@=\dimen154
\tagshift@=\dimen155
\tagwidth@=\dimen156
\totwidth@=\dimen157
\lineht@=\dimen158
\@envbody=\toks22
\multlinegap=\skip52
\multlinetaggap=\skip53
\mathdisplay@stack=\toks23
LaTeX Info: Redefining \[ on input line 2950.
LaTeX Info: Redefining \] on input line 2951.
)
(C:\Users\a542012\AppData\Local\Programs\MiKTeX\tex/latex/amsfonts\amssymb.sty
Package: amssymb 2013/01/14 v3.01 AMS font symbols

(C:\Users\a542012\AppData\Local\Programs\MiKTeX\tex/latex/amsfonts\amsfonts.sty
Package: amsfonts 2013/01/14 v3.01 Basic AMSFonts support
\symAMSa=\mathgroup6
\symAMSb=\mathgroup7
LaTeX Font Info:    Overwriting math alphabet `\mathfrak' in version `bold'
(Font)                  U/euf/m/n --> U/euf/b/n on input line 106.
))
(C:\Users\a542012\AppData\Local\Programs\MiKTeX\tex/latex/siunitx\siunitx.sty
Package: siunitx 2026-04-09 v3.5.3 A comprehensive (SI) units package
\l__siunitx_number_uncert_offset_int=\count297
\l__siunitx_number_exponent_fixed_int=\count298
\l__siunitx_number_min_decimal_int=\count299
\l__siunitx_number_min_integer_int=\count300
\l__siunitx_number_round_precision_int=\count301
\l__siunitx_number_lower_threshold_int=\count302
\l__siunitx_number_upper_threshold_int=\count303
\l__siunitx_number_group_first_int=\count304
\l__siunitx_number_group_size_int=\count305
\l__siunitx_number_group_min_int=\count306
\l__siunitx_number_group_minimum_int=\count307
\l__siunitx_compound_count_int=\count308

(C:\Users\a542012\AppData\Local\Programs\MiKTeX\tex/latex/translations\translat
ions.sty
Package: translations 2022/02/05 v1.12 internationalization of LaTeX2e packages
 (CN)

(C:\Users\a542012\AppData\Local\Programs\MiKTeX\tex/latex/etoolbox\etoolbox.sty
Package: etoolbox 2025/10/02 v2.5m e-TeX tools for LaTeX (JAW)
\etb@tempcnta=\count309
)
(C:\Users\a542012\AppData\Local\Programs\MiKTeX\tex/generic/pdftexcmds\pdftexcm
ds.sty
Package: pdftexcmds 2020-06-27 v0.33 Utility functions of pdfTeX for LuaTeX (HO
)

(C:\Users\a542012\AppData\Local\Programs\MiKTeX\tex/generic/infwarerr\infwarerr
.sty
Package: infwarerr 2019/12/03 v1.5 Providing info/warning/error messages (HO)
)
(C:\Users\a542012\AppData\Local\Programs\MiKTeX\tex/generic/iftex\iftex.sty
Package: iftex 2024/12/12 v1.0g TeX engine tests
)
(C:\Users\a542012\AppData\Local\Programs\MiKTeX\tex/generic/ltxcmds\ltxcmds.sty
Package: ltxcmds 2023-12-04 v1.26 LaTeX kernel commands for general use (HO)
)
Package pdftexcmds Info: \pdf@primitive is available.
Package pdftexcmds Info: \pdf@ifprimitive is available.
Package pdftexcmds Info: \pdfdraftmode found.
))
\l__siunitx_table_tmp_box=\box55
\l__siunitx_table_tmp_dim=\dimen159
\l__siunitx_table_column_width_dim=\dimen160
\l__siunitx_table_integer_box=\box56
\l__siunitx_table_decimal_box=\box57
\l__siunitx_table_uncert_box=\box58
\l__siunitx_table_before_box=\box59
\l__siunitx_table_after_box=\box60
\l__siunitx_table_before_dim=\dimen161
\l__siunitx_table_carry_dim=\dimen162
\l__siunitx_unit_tmp_int=\count310
\l__siunitx_unit_position_int=\count311
\l__siunitx_unit_total_int=\count312
\l__siunitx_sexagesimal_tmp_dim=\dimen163
\l__siunitx_sexagesimal_marker_box=\box61
\l__siunitx_sexagesimal_unit_box=\box62
 (C:\Users\a542012\AppData\Local\Programs\MiKTeX\tex/latex/tools\array.sty
Package: array 2025/09/25 v2.6n Tabular extension package (FMi)
\col@sep=\dimen164
\ar@mcellbox=\box63
\extrarowheight=\dimen165
\NC@list=\toks24
\extratabsurround=\skip54
\backup@length=\skip55
\ar@cellbox=\box64
))
(C:\Users\a542012\AppData\Local\Programs\MiKTeX\tex/latex/geometry\geometry.sty
Package: geometry 2026/03/07 v6.0 Page Geometry
(C:\Users\a542012\AppData\Local\Programs\MiKTeX\tex/latex/graphics\keyval.sty
Package: keyval 2022/05/29 v1.15 key=value parser (DPC)
\KV@toks@=\toks25
)
(C:\Users\a542012\AppData\Local\Programs\MiKTeX\tex/generic/iftex\ifvtex.sty
Package: ifvtex 2019/10/25 v1.7 ifvtex legacy package. Use iftex instead.
)
\Gm@cnth=\count313
\Gm@cntv=\count314
\c@Gm@tempcnt=\count315
\Gm@bindingoffset=\dimen166
\Gm@wd@mp=\dimen167
\Gm@odd@mp=\dimen168
\Gm@even@mp=\dimen169
\Gm@layoutwidth=\dimen170
\Gm@layoutheight=\dimen171
\Gm@layouthoffset=\dimen172
\Gm@layoutvoffset=\dimen173
\Gm@dimlist=\toks26

(C:\Users\a542012\AppData\Local\Programs\MiKTeX\tex/latex/geometry\geometry.cfg
))
(C:\Users\a542012\AppData\Local\Programs\MiKTeX\tex/latex/setspace\setspace.sty
Package: setspace 2022/12/04 v6.7b set line spacing
)
(C:\Users\a542012\AppData\Local\Programs\MiKTeX\tex/latex/tools\indentfirst.sty
Package: indentfirst 2023/07/02 v1.03 Indent first paragraph (DPC)
)
(C:\Users\a542012\AppData\Local\Programs\MiKTeX\tex/latex/graphics\graphicx.sty
Package: graphicx 2024/12/31 v1.2e Enhanced LaTeX Graphics (DPC,SPQR)

(C:\Users\a542012\AppData\Local\Programs\MiKTeX\tex/latex/graphics\graphics.sty
Package: graphics 2024/08/06 v1.4g Standard LaTeX Graphics (DPC,SPQR)
(C:\Users\a542012\AppData\Local\Programs\MiKTeX\tex/latex/graphics\trig.sty
Package: trig 2023/12/02 v1.11 sin cos tan (DPC)
)
(C:\Users\a542012\AppData\Local\Programs\MiKTeX\tex/latex/graphics-cfg\graphics
.cfg
File: graphics.cfg 2016/06/04 v1.11 sample graphics configuration
)
Package graphics Info: Driver file: pdftex.def on input line 106.

(C:\Users\a542012\AppData\Local\Programs\MiKTeX\tex/latex/graphics-def\pdftex.d
ef
File: pdftex.def 2025/09/29 v1.2d Graphics/color driver for pdftex
))
\Gin@req@height=\dimen174
\Gin@req@width=\dimen175
) (C:\Users\a542012\AppData\Local\Programs\MiKTeX\tex/latex/float\float.sty
Package: float 2001/11/08 v1.3d Float enhancements (AL)
\c@float@type=\count316
\float@exts=\toks27
\float@box=\box65
\@float@everytoks=\toks28
\@floatcapt=\box66
)
(C:\Users\a542012\AppData\Local\Programs\MiKTeX\tex/latex/booktabs\booktabs.sty
Package: booktabs 2020/01/12 v1.61803398 Publication quality tables
\heavyrulewidth=\dimen176
\lightrulewidth=\dimen177
\cmidrulewidth=\dimen178
\belowrulesep=\dimen179
\belowbottomsep=\dimen180
\aboverulesep=\dimen181
\abovetopsep=\dimen182
\cmidrulesep=\dimen183
\cmidrulekern=\dimen184
\defaultaddspace=\dimen185
\@cmidla=\count317
\@cmidlb=\count318
\@aboverulesep=\dimen186
\@belowrulesep=\dimen187
\@thisruleclass=\count319
\@lastruleclass=\count320
\@thisrulewidth=\dimen188
) (C:\Users\a542012\AppData\Local\Programs\MiKTeX\tex/latex/tools\tabularx.sty
Package: tabularx 2023/12/11 v2.12a `tabularx' package (DPC)
\TX@col@width=\dimen189
\TX@old@table=\dimen190
\TX@old@col=\dimen191
\TX@target=\dimen192
\TX@delta=\dimen193
\TX@cols=\count321
\TX@ftn=\toks29
)
(C:\Users\a542012\AppData\Local\Programs\MiKTeX\tex/latex/ragged2e\ragged2e.sty
Package: ragged2e 2023/06/22 v3.6 ragged2e Package
\CenteringLeftskip=\skip56
\RaggedLeftLeftskip=\skip57
\RaggedRightLeftskip=\skip58
\CenteringRightskip=\skip59
\RaggedLeftRightskip=\skip60
\RaggedRightRightskip=\skip61
\CenteringParfillskip=\skip62
\RaggedLeftParfillskip=\skip63
\RaggedRightParfillskip=\skip64
\JustifyingParfillskip=\skip65
\CenteringParindent=\skip66
\RaggedLeftParindent=\skip67
\RaggedRightParindent=\skip68
\JustifyingParindent=\skip69
) (C:\Users\a542012\AppData\Local\Programs\MiKTeX\tex/latex/caption\caption.sty
Package: caption 2023/08/05 v3.6o Customizing captions (AR)
(C:\Users\a542012\AppData\Local\Programs\MiKTeX\tex/latex/caption\caption3.sty
Package: caption3 2023/07/31 v2.4d caption3 kernel (AR)
\caption@tempdima=\dimen194
\captionmargin=\dimen195
\caption@leftmargin=\dimen196
\caption@rightmargin=\dimen197
\caption@width=\dimen198
\caption@indent=\dimen199
\caption@parindent=\dimen256
\caption@hangindent=\dimen257
Package caption Info: Standard document class detected.
)
\c@caption@flags=\count322
\c@continuedfloat=\count323
Package caption Info: float package is loaded.
)
(C:\Users\a542012\AppData\Local\Programs\MiKTeX\tex/latex/fancyhdr\fancyhdr.sty
Package: fancyhdr 2025/02/07 v5.2 Extensive control of page headers and footers

\f@nch@headwidth=\skip70
\f@nch@offset@elh=\skip71
\f@nch@offset@erh=\skip72
\f@nch@offset@olh=\skip73
\f@nch@offset@orh=\skip74
\f@nch@offset@elf=\skip75
\f@nch@offset@erf=\skip76
\f@nch@offset@olf=\skip77
\f@nch@offset@orf=\skip78
\f@nch@height=\skip79
\f@nch@footalignment=\skip80
\f@nch@widthL=\skip81
\f@nch@widthC=\skip82
\f@nch@widthR=\skip83
\@temptokenb=\toks30
)
(C:\Users\a542012\AppData\Local\Programs\MiKTeX\tex/latex/titlesec\titlesec.sty
Package: titlesec 2025/01/04 v2.17 Sectioning titles
\ttl@box=\box67
\beforetitleunit=\skip84
\aftertitleunit=\skip85
\ttl@plus=\dimen258
\ttl@minus=\dimen259
\ttl@toksa=\toks31
\titlewidth=\dimen260
\titlewidthlast=\dimen261
\titlewidthfirst=\dimen262
)
(C:\Users\a542012\AppData\Local\Programs\MiKTeX\tex/latex/hyperref\hyperref.sty
Package: hyperref 2025-07-12 v7.01o Hypertext links for LaTeX

(C:\Users\a542012\AppData\Local\Programs\MiKTeX\tex/latex/kvsetkeys\kvsetkeys.s
ty
Package: kvsetkeys 2022-10-05 v1.19 Key value parser (HO)
)
(C:\Users\a542012\AppData\Local\Programs\MiKTeX\tex/generic/kvdefinekeys\kvdefi
nekeys.sty
Package: kvdefinekeys 2019-12-19 v1.6 Define keys (HO)
)
(C:\Users\a542012\AppData\Local\Programs\MiKTeX\tex/generic/pdfescape\pdfescape
.sty
Package: pdfescape 2019/12/09 v1.15 Implements pdfTeX's escape features (HO)
)
(C:\Users\a542012\AppData\Local\Programs\MiKTeX\tex/latex/hycolor\hycolor.sty
Package: hycolor 2020-01-27 v1.10 Color options for hyperref/bookmark (HO)
)
(C:\Users\a542012\AppData\Local\Programs\MiKTeX\tex/latex/hyperref\nameref.sty
Package: nameref 2025-06-21 v2.57 Cross-referencing by name of section

(C:\Users\a542012\AppData\Local\Programs\MiKTeX\tex/latex/refcount\refcount.sty
Package: refcount 2019/12/15 v3.6 Data extraction from label references (HO)
)
(C:\Users\a542012\AppData\Local\Programs\MiKTeX\tex/generic/gettitlestring\gett
itlestring.sty
Package: gettitlestring 2019/12/15 v1.6 Cleanup title references (HO)

(C:\Users\a542012\AppData\Local\Programs\MiKTeX\tex/latex/kvoptions\kvoptions.s
ty
Package: kvoptions 2022-06-15 v3.15 Key value format for package options (HO)
))
\c@section@level=\count324
)
(C:\Users\a542012\AppData\Local\Programs\MiKTeX\tex/generic/stringenc\stringenc
.sty
Package: stringenc 2019/11/29 v1.12 Convert strings between diff. encodings (HO
)
)
\@linkdim=\dimen263
\Hy@linkcounter=\count325
\Hy@pagecounter=\count326

(C:\Users\a542012\AppData\Local\Programs\MiKTeX\tex/latex/hyperref\pd1enc.def
File: pd1enc.def 2025-07-12 v7.01o Hyperref: PDFDocEncoding definition (HO)
Now handling font encoding PD1 ...
... no UTF-8 mapping file for font encoding PD1
)
(C:\Users\a542012\AppData\Local\Programs\MiKTeX\tex/generic/intcalc\intcalc.sty
Package: intcalc 2019/12/15 v1.3 Expandable calculations with integers (HO)
)
\Hy@SavedSpaceFactor=\count327
 (C:\Users\a542012\AppData\Local\Programs\MiKTeX\tex/latex/hyperref\puenc.def
File: puenc.def 2025-07-12 v7.01o Hyperref: PDF Unicode definition (HO)
Now handling font encoding PU ...
... no UTF-8 mapping file for font encoding PU
)
Package hyperref Info: Hyper figures OFF on input line 4195.
Package hyperref Info: Link nesting OFF on input line 4200.
Package hyperref Info: Hyper index ON on input line 4203.
Package hyperref Info: Plain pages OFF on input line 4210.
Package hyperref Info: Backreferencing OFF on input line 4215.
Package hyperref Info: Implicit mode ON; LaTeX internals redefined.
Package hyperref Info: Bookmarks ON on input line 4462.
\c@Hy@tempcnt=\count328
(C:\Users\a542012\AppData\Local\Programs\MiKTeX\tex/latex/url\url.sty
\Urlmuskip=\muskip18
Package: url 2013/09/16  ver 3.4  Verb mode for urls, etc.
)
LaTeX Info: Redefining \url on input line 4801.
\XeTeXLinkMargin=\dimen264

(C:\Users\a542012\AppData\Local\Programs\MiKTeX\tex/generic/bitset\bitset.sty
Package: bitset 2019/12/09 v1.3 Handle bit-vector datatype (HO)

(C:\Users\a542012\AppData\Local\Programs\MiKTeX\tex/generic/bigintcalc\bigintca
lc.sty
Package: bigintcalc 2019/12/15 v1.5 Expandable calculations on big integers (HO
)
))
\Fld@menulength=\count329
\Field@Width=\dimen265
\Fld@charsize=\dimen266
Package hyperref Info: Hyper figures OFF on input line 6078.
Package hyperref Info: Link nesting OFF on input line 6083.
Package hyperref Info: Hyper index ON on input line 6086.
Package hyperref Info: backreferencing OFF on input line 6093.
Package hyperref Info: Link coloring OFF on input line 6098.
Package hyperref Info: Link coloring with OCG OFF on input line 6103.
Package hyperref Info: PDF/A mode OFF on input line 6108.
\Hy@abspage=\count330
\c@Item=\count331
\c@Hfootnote=\count332
)
Package hyperref Info: Driver (autodetected): hpdftex.

(C:\Users\a542012\AppData\Local\Programs\MiKTeX\tex/latex/hyperref\hpdftex.def
File: hpdftex.def 2025-07-12 v7.01o Hyperref driver for pdfTeX
\Fld@listcount=\count333
\c@bookmark@seq@number=\count334

(C:\Users\a542012\AppData\Local\Programs\MiKTeX\tex/latex/rerunfilecheck\rerunf
ilecheck.sty
Package: rerunfilecheck 2025-06-21 v1.11 Rerun checks for auxiliary files (HO)

(C:\Users\a542012\AppData\Local\Programs\MiKTeX\tex/generic/uniquecounter\uniqu
ecounter.sty
Package: uniquecounter 2019/12/15 v1.4 Provide unlimited unique counter (HO)
)
Package uniquecounter Info: New unique counter `rerunfilecheck' on input line 2
84.
)
\Hy@SectionHShift=\skip86
)
(C:\Users\a542012\AppData\Local\Programs\MiKTeX\tex/latex/natbib\natbib.sty
Package: natbib 2010/09/13 8.31b (PWD, AO)
\bibhang=\skip87
\bibsep=\skip88
LaTeX Info: Redefining \cite on input line 694.
\c@NAT@ctr=\count335
)
(C:\Users\a542012\AppData\Local\Programs\MiKTeX\tex/latex/graphics\color.sty
Package: color 2025/01/14 v1.3e Standard LaTeX Color (DPC)

(C:\Users\a542012\AppData\Local\Programs\MiKTeX\tex/latex/graphics-cfg\color.cf
g
File: color.cfg 2016/01/02 v1.6 sample color configuration
)
Package color Info: Driver file: pdftex.def on input line 149.

(C:\Users\a542012\AppData\Local\Programs\MiKTeX\tex/latex/graphics\mathcolor.lt
x))
LaTeX Font Info:    Trying to load font information for T1+ptm on input line 64
.
 (C:\Users\a542012\AppData\Local\Programs\MiKTeX\tex/latex/psnfss\t1ptm.fd
File: t1ptm.fd 2001/06/04 font definitions for T1/ptm.
)
(C:\Users\a542012\AppData\Local\Programs\MiKTeX\tex/latex/l3backend\l3backend-p
dftex.def
File: l3backend-pdftex.def 2025-10-09 L3 backend support: PDF output (pdfTeX)
\l__color_backend_stack_int=\count336
) (TCC - Vinicius Andrade Trento.aux)
\openout1 = `"TCC - Vinicius Andrade Trento.aux"'.

LaTeX Font Info:    Checking defaults for OML/cmm/m/it on input line 64.
LaTeX Font Info:    ... okay on input line 64.
LaTeX Font Info:    Checking defaults for OMS/cmsy/m/n on input line 64.
LaTeX Font Info:    ... okay on input line 64.
LaTeX Font Info:    Checking defaults for OT1/cmr/m/n on input line 64.
LaTeX Font Info:    ... okay on input line 64.
LaTeX Font Info:    Checking defaults for T1/cmr/m/n on input line 64.
LaTeX Font Info:    ... okay on input line 64.
LaTeX Font Info:    Checking defaults for TS1/cmr/m/n on input line 64.
LaTeX Font Info:    ... okay on input line 64.
LaTeX Font Info:    Checking defaults for OMX/cmex/m/n on input line 64.
LaTeX Font Info:    ... okay on input line 64.
LaTeX Font Info:    Checking defaults for U/cmr/m/n on input line 64.
LaTeX Font Info:    ... okay on input line 64.
LaTeX Font Info:    Checking defaults for PD1/pdf/m/n on input line 64.
LaTeX Font Info:    ... okay on input line 64.
LaTeX Font Info:    Checking defaults for PU/pdf/m/n on input line 64.
LaTeX Font Info:    ... okay on input line 64.

*geometry* driver: auto-detecting
*geometry* detected driver: pdftex
*geometry* verbose mode - [ preamble ] result:
* driver: pdftex
* paper: a4paper
* layout: <same size as paper>
* layoutoffset:(h,v)=(0.0pt,0.0pt)
* modes: 
* h-part:(L,W,R)=(56.9055pt, 483.69687pt, 56.9055pt)
* v-part:(T,H,B)=(65.44142pt, 736.9263pt, 42.67912pt)
* \paperwidth=597.50787pt
* \paperheight=845.04684pt
* \textwidth=483.69687pt
* \textheight=736.9263pt
* \oddsidemargin=-15.36449pt
* \evensidemargin=-15.36449pt
* \topmargin=-33.05493pt
* \headheight=12.0pt
* \headsep=14.22636pt
* \topskip=10.0pt
* \footskip=30.0pt
* \marginparwidth=4.0pt
* \marginparsep=10.0pt
* \columnsep=17.07182pt
* \skip\footins=9.0pt plus 4.0pt minus 2.0pt
* \hoffset=0.0pt
* \voffset=0.0pt
* \mag=1000
* \@twocolumntrue
* \@twosidefalse
* \@mparswitchfalse
* \@reversemarginfalse
* (1in=72.27pt=25.4mm, 1cm=28.453pt)


(C:\Users\a542012\AppData\Local\Programs\MiKTeX\tex/context/base/mkii\supp-pdf.
mkii
[Loading MPS to PDF converter (version 2006.09.02).]
\scratchcounter=\count337
\scratchdimen=\dimen267
\scratchbox=\box68
\nofMPsegments=\count338
\nofMParguments=\count339
\everyMPshowfont=\toks32
\MPscratchCnt=\count340
\MPscratchDim=\dimen268
\MPnumerator=\count341
\makeMPintoPDFobject=\count342
\everyMPtoPDFconversion=\toks33
)
(C:\Users\a542012\AppData\Local\Programs\MiKTeX\tex/latex/epstopdf-pkg\epstopdf
-base.sty
Package: epstopdf-base 2020-01-24 v2.11 Base part for package epstopdf
Package epstopdf-base Info: Redefining graphics rule for `.eps' on input line 4
85.

(C:\Users\a542012\AppData\Local\Programs\MiKTeX\tex/latex/00miktex\epstopdf-sys
.cfg
File: epstopdf-sys.cfg 2021/03/18 v2.0 Configuration of epstopdf for MiKTeX
))
Package caption Info: Begin \AtBeginDocument code.
Package caption Info: hyperref package is loaded.
Package caption Info: End \AtBeginDocument code.
Package hyperref Info: Link coloring OFF on input line 64.
 (TCC - Vinicius Andrade Trento.out) (TCC - Vinicius Andrade Trento.out)
\@outlinefile=\write3
\openout3 = `"TCC - Vinicius Andrade Trento.out"'.

LaTeX Font Info:    Trying to load font information for OT1+ztmcm on input line
 107.

(C:\Users\a542012\AppData\Local\Programs\MiKTeX\tex/latex/psnfss\ot1ztmcm.fd
File: ot1ztmcm.fd 2000/01/03 Fontinst v1.801 font definitions for OT1/ztmcm.
)
LaTeX Font Info:    Trying to load font information for OML+ztmcm on input line
 107.

(C:\Users\a542012\AppData\Local\Programs\MiKTeX\tex/latex/psnfss\omlztmcm.fd
File: omlztmcm.fd 2000/01/03 Fontinst v1.801 font definitions for OML/ztmcm.
)
LaTeX Font Info:    Trying to load font information for OMS+ztmcm on input line
 107.

(C:\Users\a542012\AppData\Local\Programs\MiKTeX\tex/latex/psnfss\omsztmcm.fd
File: omsztmcm.fd 2000/01/03 Fontinst v1.801 font definitions for OMS/ztmcm.
)
LaTeX Font Info:    Trying to load font information for OMX+ztmcm on input line
 107.

(C:\Users\a542012\AppData\Local\Programs\MiKTeX\tex/latex/psnfss\omxztmcm.fd
File: omxztmcm.fd 2000/01/03 Fontinst v1.801 font definitions for OMX/ztmcm.
)
LaTeX Font Info:    Trying to load font information for OT1+ptm on input line 1
07.

(C:\Users\a542012\AppData\Local\Programs\MiKTeX\tex/latex/psnfss\ot1ptm.fd
File: ot1ptm.fd 2001/06/04 font definitions for OT1/ptm.
)
LaTeX Font Info:    Font shape `OT1/ptm/bx/n' in size <12> not available
(Font)              Font shape `OT1/ptm/b/n' tried instead on input line 107.
LaTeX Font Info:    Font shape `OT1/ptm/bx/n' in size <9> not available
(Font)              Font shape `OT1/ptm/b/n' tried instead on input line 107.
LaTeX Font Info:    Font shape `OT1/ptm/bx/n' in size <7> not available
(Font)              Font shape `OT1/ptm/b/n' tried instead on input line 107.


Package natbib Warning: Citation `Anna2026' on page 1 undefined on input line 1
15.


Package natbib Warning: Citation `PiezoAccelerometer2023' on page 1 undefined o
n input line 115.

<Images/acelerometro_dewesoft traduzido.png, id=152, 2176.13pt x 1959.32pt>
File: Images/acelerometro_dewesoft traduzido.png Graphic file (type png)
<use Images/acelerometro_dewesoft traduzido.png>
Package pdftex.def Info: Images/acelerometro_dewesoft traduzido.png  used on in
put line 119.
(pdftex.def)             Requested size: 233.31252pt x 210.05475pt.

Package natbib Warning: Citation `aceletrometroDewesoft2025' on page 1 undefine
d on input line 120.


Package natbib Warning: Citation `aceletrometroDewesoft2025' on page 1 undefine
d on input line 120.

LaTeX Font Info:    Trying to load font information for TS1+ptm on input line 1
27.
(C:\Users\a542012\AppData\Local\Programs\MiKTeX\tex/latex/psnfss\ts1ptm.fd
File: ts1ptm.fd 2001/06/04 font definitions for TS1/ptm.
)

Package natbib Warning: Citation `Phase2022' on page 1 undefined on input line 
132.


Package natbib Warning: Citation `LDVpolytec2006' on page 1 undefined on input 
line 132.

<Images/LDV traduzido.png, id=155, 2698.08pt x 1601.985pt>
File: Images/LDV traduzido.png Graphic file (type png)
<use Images/LDV traduzido.png>
Package pdftex.def Info: Images/LDV traduzido.png  used on input line 136.
(pdftex.def)             Requested size: 233.31252pt x 138.52579pt.

Package natbib Warning: Citation `LDVpolytec2006' on page 1 undefined on input 
line 137.


Package natbib Warning: Citation `LDVpolytec2006' on page 1 undefined on input 
line 137.


Package natbib Warning: Citation `robotcamera2025' on page 1 undefined on input
 line 141.

LaTeX Font Info:    Font shape `OT1/ptm/bx/n' in size <8> not available
(Font)              Font shape `OT1/ptm/b/n' tried instead on input line 142.
LaTeX Font Info:    Font shape `OT1/ptm/bx/n' in size <6> not available
(Font)              Font shape `OT1/ptm/b/n' tried instead on input line 142.
LaTeX Font Info:    Font shape `OT1/ptm/bx/n' in size <5> not available
(Font)              Font shape `OT1/ptm/b/n' tried instead on input line 142.
[1{C:/Users/a542012/AppData/Local/MiKTeX/fonts/map/pdftex/pdftex.map}{C:/Users/
a542012/AppData/Local/Programs/MiKTeX/fonts/enc/dvips/base/8r.enc}


 <./Images/acelerometro_dewesoft traduzido.png> <./Images/LDV traduzido.png>]

Package natbib Warning: Citation `Phase2022' on page 2 undefined on input line 
143.

<Images/camerabased vibrometry traduzido.png, id=170, 2034.85219pt x 1018.55531
pt>
File: Images/camerabased vibrometry traduzido.png Graphic file (type png)
<use Images/camerabased vibrometry traduzido.png>
Package pdftex.def Info: Images/camerabased vibrometry traduzido.png  used on i
nput line 147.
(pdftex.def)             Requested size: 233.31252pt x 116.7817pt.

Package natbib Warning: Citation `robotcamera2025' on page 2 undefined on input
 line 148.


Package natbib Warning: Citation `robotcamera2025' on page 2 undefined on input
 line 148.


Package natbib Warning: Citation `Phase2022' on page 2 undefined on input line 
157.


Package natbib Warning: Citation `Downey2026' on page 2 undefined on input line
 177.


Package natbib Warning: Citation `Rao2010' on page 2 undefined on input line 17
7.

LaTeX Font Info:    Font shape `OT1/ptm/bx/n' in size <10> not available
(Font)              Font shape `OT1/ptm/b/n' tried instead on input line 181.
LaTeX Font Info:    Font shape `OT1/ptm/bx/n' in size <7.4> not available
(Font)              Font shape `OT1/ptm/b/n' tried instead on input line 181.

Package natbib Warning: Citation `Downey2026' on page 2 undefined on input line
 181.

[2 <./Images/camerabased vibrometry traduzido.png>]

Package natbib Warning: Citation `Downey2026' on page 3 undefined on input line
 188.


Package natbib Warning: Citation `Downey2026' on page 3 undefined on input line
 193.


Package natbib Warning: Citation `Rao2010' on page 3 undefined on input line 19
3.


Underfull \hbox (badness 2460) in paragraph at lines 209--209
[]|\T1/ptm/b/n/9 Natureza da res-
 []


Underfull \hbox (badness 10000) in paragraph at lines 209--209
[]|\T1/ptm/m/n/9 Oscilação har-mô-
 []


Underfull \hbox (badness 1005) in paragraph at lines 209--209
\T1/ptm/m/n/9 cai-mento ex-po-nen-
 []


Underfull \hbox (badness 1107) in paragraph at lines 209--209
[]|\T1/ptm/m/n/9 Retorno ao equi-lí-
 []


Underfull \hbox (badness 7759) in paragraph at lines 209--209
[]|\T1/ptm/m/n/9 Retorno lento ao
 []

<Images/fig_regimes_amortecimento.png, id=180, 711.6186pt x 472.4049pt>
File: Images/fig_regimes_amortecimento.png Graphic file (type png)
<use Images/fig_regimes_amortecimento.png>
Package pdftex.def Info: Images/fig_regimes_amortecimento.png  used on input li
ne 216.
(pdftex.def)             Requested size: 233.31252pt x 154.88493pt.

Package natbib Warning: Citation `Downey2026' on page 3 undefined on input line
 223.


Package natbib Warning: Citation `Downey2026' on page 3 undefined on input line
 230.


Package natbib Warning: Citation `Rao2010' on page 3 undefined on input line 23
0.

<Images/fig_ressonancia.png, id=183, 567.5604pt x 349.5459pt>
File: Images/fig_ressonancia.png Graphic file (type png)
<use Images/fig_ressonancia.png>
Package pdftex.def Info: Images/fig_ressonancia.png  used on input line 234.
(pdftex.def)             Requested size: 233.31252pt x 143.69344pt.

Package natbib Warning: Citation `Downey2026' on page 3 undefined on input line
 239.


Package natbib Warning: Citation `Downey2026' on page 3 undefined on input line
 243.


Package natbib Warning: Citation `Rao2010' on page 3 undefined on input line 24
3.


Package natbib Warning: Citation `Downey2026' on page 3 undefined on input line
 248.

[3 <./Images/fig_regimes_amortecimento.png> <./Images/fig_ressonancia.png>]

Package natbib Warning: Citation `Ewins2000' on page 4 undefined on input line 
250.


Package natbib Warning: Citation `robotcamera2025' on page 4 undefined on input
 line 250.


Package natbib Warning: Citation `Doebling1998' on page 4 undefined on input li
ne 254.


Package natbib Warning: Citation `Doebling1998' on page 4 undefined on input li
ne 254.


Package natbib Warning: Citation `Doebling1998' on page 4 undefined on input li
ne 256.

<Images/fig_perda_rigidez.png, id=203, 783.6477pt x 355.3275pt>
File: Images/fig_perda_rigidez.png Graphic file (type png)
<use Images/fig_perda_rigidez.png>
Package pdftex.def Info: Images/fig_perda_rigidez.png  used on input line 260.
(pdftex.def)             Requested size: 233.31252pt x 105.78578pt.

Package natbib Warning: Citation `ASTM_E1049' on page 4 undefined on input line
 265.


Package natbib Warning: Citation `Miner1945' on page 4 undefined on input line 
265.


Package natbib Warning: Citation `Downey2026' on page 4 undefined on input line
 269.


Package natbib Warning: Citation `PiezoAccelerometer2023' on page 4 undefined o
n input line 273.


Package natbib Warning: Citation `PiezoAccelerometer2023' on page 4 undefined o
n input line 276.


Package natbib Warning: Citation `aceletrometroDewesoft2025' on page 4 undefine
d on input line 276.


Package natbib Warning: Citation `Anna2026' on page 4 undefined on input line 2
78.


Package natbib Warning: Citation `AgilentAN243-3' on page 4 undefined on input 
line 284.


Package natbib Warning: Citation `Ewins2000' on page 4 undefined on input line 
284.

[4 <./Images/fig_perda_rigidez.png>]

Package natbib Warning: Citation `Serridge1987' on page 5 undefined on input li
ne 289.


Package natbib Warning: Citation `AgilentAN243-3' on page 5 undefined on input 
line 289.


Package natbib Warning: Citation `robotcamera2025' on page 5 undefined on input
 line 289.

<Images/fig_mass_loading.png, id=212, 783.4068pt x 354.6048pt>
File: Images/fig_mass_loading.png Graphic file (type png)
<use Images/fig_mass_loading.png>
Package pdftex.def Info: Images/fig_mass_loading.png  used on input line 293.
(pdftex.def)             Requested size: 233.31252pt x 105.6085pt.

Package natbib Warning: Citation `Serridge1987' on page 5 undefined on input li
ne 298.


Package natbib Warning: Citation `PiezoAccelerometer2023' on page 5 undefined o
n input line 298.


Package natbib Warning: Citation `LDVpolytec2006' on page 5 undefined on input 
line 302.


Package natbib Warning: Citation `OptometHeNe' on page 5 undefined on input lin
e 307.


Package natbib Warning: Citation `LDVpolytec2006' on page 5 undefined on input 
line 307.


Package natbib Warning: Citation `LDVpolytec2006' on page 5 undefined on input 
line 311.


Package natbib Warning: Citation `LDVpolytec2006' on page 5 undefined on input 
line 313.


Package natbib Warning: Citation `LDVpolytec2006' on page 5 undefined on input 
line 317.


Package natbib Warning: Citation `robotcamera2025' on page 5 undefined on input
 line 323.


Package natbib Warning: Citation `Mhatre2026' on page 5 undefined on input line
 323.


Package natbib Warning: Citation `robotcamera2025' on page 5 undefined on input
 line 323.

[5 <./Images/fig_mass_loading.png>]

Package natbib Warning: Citation `robotcamera2025' on page 6 undefined on input
 line 329.

<Images/fig_nyquist_aliasing.png, id=222, 784.3704pt x 580.3281pt>
File: Images/fig_nyquist_aliasing.png Graphic file (type png)
<use Images/fig_nyquist_aliasing.png>
Package pdftex.def Info: Images/fig_nyquist_aliasing.png  used on input line 33
3.
(pdftex.def)             Requested size: 233.31252pt x 172.62097pt.

Package natbib Warning: Citation `LavatelliZappa2017' on page 6 undefined on in
put line 338.


Package natbib Warning: Citation `LavatelliZappa2017' on page 6 undefined on in
put line 338.


Package natbib Warning: Citation `robotcamera2025' on page 6 undefined on input
 line 338.

<Images/fig_motion_blur.png, id=223, 1678.27pt x 944.52875pt>
File: Images/fig_motion_blur.png Graphic file (type png)
<use Images/fig_motion_blur.png>
Package pdftex.def Info: Images/fig_motion_blur.png  used on input line 342.
(pdftex.def)             Requested size: 233.31252pt x 131.29631pt.

Package natbib Warning: Citation `robotcamera2025' on page 6 undefined on input
 line 347.


Package natbib Warning: Citation `Wadhwa2013' on page 6 undefined on input line
 351.


Package natbib Warning: Citation `Phase2022' on page 6 undefined on input line 
351.


Package natbib Warning: Citation `ZhangLogGabor2024' on page 6 undefined on inp
ut line 351.


Package natbib Warning: Citation `WangLogGabor2022' on page 6 undefined on inpu
t line 351.


Package natbib Warning: Citation `Wadhwa2013' on page 6 undefined on input line
 353.


Overfull \hbox (8.78311pt too wide) detected at line 362
[][][]\OML/ztmcm/m/it/10 C[]\OT1/ztmcm/m/n/10 (\OML/ztmcm/m/it/10 x; y; t\OT1/z
tmcm/m/n/10 ) = []\OML/ztmcm/m/it/10 I \OMS/ztmcm/m/n/10 ^^C \OML/ztmcm/m/it/10
 G[][]\OT1/ztmcm/m/n/10 (\OML/ztmcm/m/it/10 x; y; t\OT1/ztmcm/m/n/10 ) = \OML/z
tmcm/m/it/10 A\OT1/ztmcm/m/n/10 (\OML/ztmcm/m/it/10 x; y; t\OT1/ztmcm/m/n/10 ) 
 []  []\OML/ztmcm/m/it/10 j '\OT1/ztmcm/m/n/10 (\OML/ztmcm/m/it/10 x; y; t\OT1/
ztmcm/m/n/10 )[]\OML/ztmcm/m/it/10 ;
 []


Package natbib Warning: Citation `Wadhwa2013' on page 6 undefined on input line
 363.


Package natbib Warning: Citation `Wadhwa2013' on page 6 undefined on input line
 365.


Package natbib Warning: Citation `Phase2022' on page 6 undefined on input line 
365.

[6 <./Images/fig_nyquist_aliasing.png> <./Images/fig_motion_blur.png (PNG copy)
>]

Package natbib Warning: Citation `Wadhwa2013' on page 7 undefined on input line
 370.


Package natbib Warning: Citation `Wadhwa2013' on page 7 undefined on input line
 372.


Package natbib Warning: Citation `Phase2022' on page 7 undefined on input line 
372.


Package natbib Warning: Citation `WangLogGabor2022' on page 7 undefined on inpu
t line 372.


Package natbib Warning: Citation `Mhatre2026' on page 7 undefined on input line
 372.


Package natbib Warning: Citation `robotcamera2025' on page 7 undefined on input
 line 372.


Package natbib Warning: Citation `robotcamera2025' on page 7 undefined on input
 line 374.


Package natbib Warning: Citation `ZhangLogGabor2024' on page 7 undefined on inp
ut line 374.


Package natbib Warning: Citation `WangLogGabor2022' on page 7 undefined on inpu
t line 374.


Package natbib Warning: Citation `ZhangLogGabor2024' on page 7 undefined on inp
ut line 374.


Package natbib Warning: Citation `Mhatre2026' on page 7 undefined on input line
 380.


Package natbib Warning: Citation `robotcamera2025' on page 7 undefined on input
 line 382.


Package natbib Warning: Citation `robotcamera2025' on page 7 undefined on input
 line 382.


Package natbib Warning: Citation `robotcamera2025' on page 7 undefined on input
 line 389.


Package natbib Warning: Citation `Mhatre2026' on page 7 undefined on input line
 390.


Package natbib Warning: Citation `robotcamera2025' on page 7 undefined on input
 line 391.


Package natbib Warning: Citation `robotcamera2025' on page 7 undefined on input
 line 392.


Package natbib Warning: Citation `Mhatre2026' on page 7 undefined on input line
 392.


Package natbib Warning: Citation `robotcamera2025' on page 7 undefined on input
 line 393.

[7]

Package natbib Warning: Citation `robotcamera2025' on page 8 undefined on input
 line 418.


Package natbib Warning: Citation `robotcamera2025' on page 8 undefined on input
 line 420.


Package natbib Warning: Citation `LavatelliZappa2017' on page 8 undefined on in
put line 420.


Package natbib Warning: Citation `Wadhwa2013' on page 8 undefined on input line
 424.


Package natbib Warning: Citation `Mhatre2026' on page 8 undefined on input line
 426.


Package natbib Warning: Citation `robotcamera2025' on page 8 undefined on input
 line 430.


Package natbib Warning: Citation `Rao2010' on page 8 undefined on input line 43
9.


Package natbib Warning: Citation `Rao2010' on page 8 undefined on input line 45
3.


Package natbib Warning: Citation `Downey2026' on page 8 undefined on input line
 453.

[8]
Underfull \hbox (badness 10000) in alignment at lines 474--474
[][][] 
 []


Package natbib Warning: Citation `Wadhwa2013' on page 9 undefined on input line
 487.


Package natbib Warning: Citation `Phase2022' on page 9 undefined on input line 
487.


Package natbib Warning: Citation `Mhatre2026' on page 9 undefined on input line
 491.


Underfull \hbox (badness 4391) in paragraph at lines 493--493
|[]\T1/ptm/m/it/10 Etapa 3 -- Va-li-da-ção ex-pe-ri-men-tal con-tro-lada
 []


Package natbib Warning: Citation `robotcamera2025' on page 9 undefined on input
 line 495.


Package natbib Warning: Citation `Mhatre2026' on page 9 undefined on input line
 499.

No file "TCC - Vinicius Andrade Trento".bbl.

Package natbib Warning: There were undefined citations.

[9] (TCC - Vinicius Andrade Trento.aux)
 ***********
LaTeX2e <2025-11-01>
L3 programming layer <2025-12-24>
 ***********
Package rerunfilecheck Info: File `"TCC - Vinicius Andrade Trento".out' has not
 changed.
(rerunfilecheck)             Checksum: D96DE609D1A6366B7242C5DE589AE1B7;9766.
 ) 
Here is how much of TeX's memory you used:
 18477 strings out of 467871
 352172 string characters out of 5417408
 760075 words of memory out of 5000000
 47047 multiletter control sequences out of 15000+600000
 704909 words of font info for 161 fonts, out of 8000000 for 9000
 1141 hyphenation exceptions out of 8191
 75i,15n,80p,1219b,1119s stack positions out of 10000i,1000n,20000p,200000b,200000s
<C:/Users/a542012/AppData/Local/Programs/MiKTeX/fonts/type1/public/amsfonts/c
m/cmex10.pfb><C:/Users/a542012/AppData/Local/Programs/MiKTeX/fonts/type1/public
/amsfonts/cm/cmmi10.pfb><C:/Users/a542012/AppData/Local/Programs/MiKTeX/fonts/t
ype1/public/amsfonts/cm/cmr10.pfb><C:/Users/a542012/AppData/Local/Programs/MiKT
eX/fonts/type1/public/amsfonts/cm/cmsy10.pfb><C:/Users/a542012/AppData/Local/Pr
ograms/MiKTeX/fonts/type1/urw/symbol/usyr.pfb><C:/Users/a542012/AppData/Local/P
rograms/MiKTeX/fonts/type1/urw/symbol/usyr.pfb><C:/Users/a542012/AppData/Local/
Programs/MiKTeX/fonts/type1/urw/times/utmb8a.pfb><C:/Users/a542012/AppData/Loca
l/Programs/MiKTeX/fonts/type1/urw/times/utmbi8a.pfb><C:/Users/a542012/AppData/L
ocal/Programs/MiKTeX/fonts/type1/urw/times/utmr8a.pfb><C:/Users/a542012/AppData
/Local/Programs/MiKTeX/fonts/type1/urw/times/utmri8a.pfb>
Output written on "TCC - Vinicius Andrade Trento.pdf" (9 pages, 13628092 bytes)
.
PDF statistics:
 319 PDF objects out of 1000 (max. 8388607)
 70 named destinations out of 1000 (max. 500000)
 342 words of extra memory for PDF output out of 10000 (max. 10000000)

